// Jest Snapshot v1, https://goo.gl/fbAQLP

exports[`StyledInput renders correctly 1`] = `
.c0 {
  border: 1px solid lightgray;
  border-radius: 3px;
  display: block;
  width: 100%;
  font-size: 1rem;
  padding: 2px 8px;
  line-height: 1.5;
  font-weight: 400;
  height: calc(2.25rem + 2px);
}

<StyledInput>
  <input
    className="c0"
  />
</StyledInput>
`;
