// Jest Snapshot v1, https://goo.gl/fbAQLP

exports[`Select should render correctly 1`] = `
<Field
  component={[Function]}
  label="My Select"
  name="MySelect"
  options={
    Array [
      Object {
        "label": "Opt1",
        "value": "opt1",
      },
      Object {
        "label": "Opt2",
        "value": "opt2",
      },
    ]
  }
/>
`;
